// Jest Snapshot v1, https://goo.gl/fbAQLP

exports[`Input should match a snapshot 1`] = `
<input
  className="sc-bwzfXH lidPRz"
  onChange={[MockFunction]}
  placeholder="Foo"
  type="text"
  value="test"
/>
`;
